// Jest Snapshot v1, https://goo.gl/fbAQLP

exports[`#checkSource should throw error 1`] = `"The source \`fb\` is not in the sources(.opml)!"`;
